Setting up watches.  Beware: since -r was given, this may take a while!
Watches established.
./ MODIFY auto-push.log
[main 0fb86805] Auto-commit on 2026-02-01 06:53:28
 2 files changed, 11 insertions(+)
 create mode 100644 auto-push.log
 create mode 100755 auto-push.sh
To github.com:Shejaoli/Dopikelectronics10.10.10.git
   7b117820..0fb86805  main -> main
Setting up watches.  Beware: since -r was given, this may take a while!
Watches established.
./ MODIFY auto-push.log
[main f5b442e6] Auto-commit on 2026-02-01 06:53:30
 1 file changed, 9 insertions(+)
To github.com:Shejaoli/Dopikelectronics10.10.10.git
   0fb86805..f5b442e6  main -> main
Setting up watches.  Beware: since -r was given, this may take a while!
Watches established.
./ MODIFY auto-push.log
[main 6fdee1d8] Auto-commit on 2026-02-01 06:53:32
 1 file changed, 7 insertions(+)
To github.com:Shejaoli/Dopikelectronics10.10.10.git
   f5b442e6..6fdee1d8  main -> main
Setting up watches.  Beware: since -r was given, this may take a while!
Watches established.
./ MODIFY auto-push.log
[main 4d9c4d3f] Auto-commit on 2026-02-01 06:53:34
 1 file changed, 7 insertions(+)
To github.com:Shejaoli/Dopikelectronics10.10.10.git
   6fdee1d8..4d9c4d3f  main -> main
Setting up watches.  Beware: since -r was given, this may take a while!
Watches established.
./ MODIFY auto-push.log
[main 93c5ce0a] Auto-commit on 2026-02-01 06:53:36
 1 file changed, 7 insertions(+)
To github.com:Shejaoli/Dopikelectronics10.10.10.git
   4d9c4d3f..93c5ce0a  main -> main
Setting up watches.  Beware: since -r was given, this may take a while!
Watches established.
./ MODIFY auto-push.log
[main 87a1006c] Auto-commit on 2026-02-01 06:53:38
 1 file changed, 7 insertions(+)
To github.com:Shejaoli/Dopikelectronics10.10.10.git
   93c5ce0a..87a1006c  main -> main
Setting up watches.  Beware: since -r was given, this may take a while!
Watches established.
./ MODIFY auto-push.log
[main bcae1308] Auto-commit on 2026-02-01 06:53:40
 1 file changed, 7 insertions(+)
To github.com:Shejaoli/Dopikelectronics10.10.10.git
   87a1006c..bcae1308  main -> main
Setting up watches.  Beware: since -r was given, this may take a while!
Watches established.
./ MODIFY auto-push.log
[main a178353e] Auto-commit on 2026-02-01 06:53:42
 1 file changed, 7 insertions(+)
To github.com:Shejaoli/Dopikelectronics10.10.10.git
   bcae1308..a178353e  main -> main
Setting up watches.  Beware: since -r was given, this may take a while!
Watches established.
./ MODIFY auto-push.log
[main 227dc923] Auto-commit on 2026-02-01 06:53:44
 1 file changed, 7 insertions(+)
To github.com:Shejaoli/Dopikelectronics10.10.10.git
   a178353e..227dc923  main -> main
Setting up watches.  Beware: since -r was given, this may take a while!
Watches established.
./ MODIFY auto-push.log
[main 9a6d76b5] Auto-commit on 2026-02-01 06:53:46
 1 file changed, 7 insertions(+)
To github.com:Shejaoli/Dopikelectronics10.10.10.git
   227dc923..9a6d76b5  main -> main
Setting up watches.  Beware: since -r was given, this may take a while!
Watches established.
./ MODIFY auto-push.log
[main efeb656d] Auto-commit on 2026-02-01 06:53:48
 1 file changed, 7 insertions(+)
To github.com:Shejaoli/Dopikelectronics10.10.10.git
   9a6d76b5..efeb656d  main -> main
Setting up watches.  Beware: since -r was given, this may take a while!
Watches established.
./ MODIFY auto-push.log
[main 1d109089] Auto-commit on 2026-02-01 06:53:49
 1 file changed, 7 insertions(+)
To github.com:Shejaoli/Dopikelectronics10.10.10.git
   efeb656d..1d109089  main -> main
Setting up watches.  Beware: since -r was given, this may take a while!
Watches established.
./ MODIFY auto-push.log
[main 78e784e6] Auto-commit on 2026-02-01 06:53:51
 1 file changed, 7 insertions(+)
To github.com:Shejaoli/Dopikelectronics10.10.10.git
   1d109089..78e784e6  main -> main
Setting up watches.  Beware: since -r was given, this may take a while!
Watches established.
./ MODIFY auto-push.log
[main c2eb0ac7] Auto-commit on 2026-02-01 06:53:53
 1 file changed, 7 insertions(+)
To github.com:Shejaoli/Dopikelectronics10.10.10.git
   78e784e6..c2eb0ac7  main -> main
Setting up watches.  Beware: since -r was given, this may take a while!
Watches established.
./ MODIFY auto-push.log
[main 082a2521] Auto-commit on 2026-02-01 06:53:55
 1 file changed, 7 insertions(+)
To github.com:Shejaoli/Dopikelectronics10.10.10.git
   c2eb0ac7..082a2521  main -> main
Setting up watches.  Beware: since -r was given, this may take a while!
Watches established.
./ MODIFY auto-push.log
[main f7f0a92e] Auto-commit on 2026-02-01 06:53:57
 1 file changed, 7 insertions(+)
To github.com:Shejaoli/Dopikelectronics10.10.10.git
   082a2521..f7f0a92e  main -> main
Setting up watches.  Beware: since -r was given, this may take a while!
Watches established.
./ MODIFY auto-push.log
[main 1d0da5e7] Auto-commit on 2026-02-01 06:53:59
 1 file changed, 7 insertions(+)
To github.com:Shejaoli/Dopikelectronics10.10.10.git
   f7f0a92e..1d0da5e7  main -> main
Setting up watches.  Beware: since -r was given, this may take a while!
Watches established.
./ MODIFY auto-push.log
[main 8f6bdd93] Auto-commit on 2026-02-01 06:54:01
 1 file changed, 7 insertions(+)
To github.com:Shejaoli/Dopikelectronics10.10.10.git
   1d0da5e7..8f6bdd93  main -> main
Setting up watches.  Beware: since -r was given, this may take a while!
Watches established.
./ MODIFY auto-push.log
[main 25aae007] Auto-commit on 2026-02-01 06:54:03
 1 file changed, 7 insertions(+)
To github.com:Shejaoli/Dopikelectronics10.10.10.git
   8f6bdd93..25aae007  main -> main
Setting up watches.  Beware: since -r was given, this may take a while!
Watches established.
./ MODIFY auto-push.log
[main c61299a3] Auto-commit on 2026-02-01 06:54:05
 1 file changed, 7 insertions(+)
To github.com:Shejaoli/Dopikelectronics10.10.10.git
   25aae007..c61299a3  main -> main
Setting up watches.  Beware: since -r was given, this may take a while!
Watches established.
./ MODIFY auto-push.log
[main a059d5e8] Auto-commit on 2026-02-01 06:54:07
 1 file changed, 7 insertions(+)
To github.com:Shejaoli/Dopikelectronics10.10.10.git
   c61299a3..a059d5e8  main -> main
Setting up watches.  Beware: since -r was given, this may take a while!
Watches established.
./ MODIFY auto-push.log
[main ded4836a] Auto-commit on 2026-02-01 06:54:09
 1 file changed, 7 insertions(+)
To github.com:Shejaoli/Dopikelectronics10.10.10.git
   a059d5e8..ded4836a  main -> main
Setting up watches.  Beware: since -r was given, this may take a while!
Watches established.
./ MODIFY auto-push.log
[main d5a8455f] Auto-commit on 2026-02-01 06:54:11
 1 file changed, 7 insertions(+)
To github.com:Shejaoli/Dopikelectronics10.10.10.git
   ded4836a..d5a8455f  main -> main
Setting up watches.  Beware: since -r was given, this may take a while!
Watches established.
./ MODIFY auto-push.log
[main bf51640c] Auto-commit on 2026-02-01 06:54:13
 1 file changed, 7 insertions(+)
To github.com:Shejaoli/Dopikelectronics10.10.10.git
   d5a8455f..bf51640c  main -> main
Setting up watches.  Beware: since -r was given, this may take a while!
Watches established.
./ MODIFY auto-push.log
[main f5353727] Auto-commit on 2026-02-01 06:54:15
 1 file changed, 7 insertions(+)
To github.com:Shejaoli/Dopikelectronics10.10.10.git
   bf51640c..f5353727  main -> main
Setting up watches.  Beware: since -r was given, this may take a while!
Watches established.
./ MODIFY auto-push.log
[main bca432a0] Auto-commit on 2026-02-01 06:54:17
 1 file changed, 7 insertions(+)
To github.com:Shejaoli/Dopikelectronics10.10.10.git
   f5353727..bca432a0  main -> main
Setting up watches.  Beware: since -r was given, this may take a while!
Watches established.
./ MODIFY auto-push.log
[main cbe7871e] Auto-commit on 2026-02-01 06:54:19
 1 file changed, 7 insertions(+)
To github.com:Shejaoli/Dopikelectronics10.10.10.git
   bca432a0..cbe7871e  main -> main
Setting up watches.  Beware: since -r was given, this may take a while!
Watches established.
./ MODIFY auto-push.log
[main c7b0867f] Auto-commit on 2026-02-01 06:54:21
 1 file changed, 7 insertions(+)
To github.com:Shejaoli/Dopikelectronics10.10.10.git
   cbe7871e..c7b0867f  main -> main
Setting up watches.  Beware: since -r was given, this may take a while!
Watches established.
./ MODIFY auto-push.log
[main d203f0b4] Auto-commit on 2026-02-01 06:54:23
 1 file changed, 7 insertions(+)
To github.com:Shejaoli/Dopikelectronics10.10.10.git
   c7b0867f..d203f0b4  main -> main
Setting up watches.  Beware: since -r was given, this may take a while!
Watches established.
./ MODIFY auto-push.log
[main b4641ce4] Auto-commit on 2026-02-01 06:54:25
 1 file changed, 7 insertions(+)
To github.com:Shejaoli/Dopikelectronics10.10.10.git
   d203f0b4..b4641ce4  main -> main
Setting up watches.  Beware: since -r was given, this may take a while!
Watches established.
./ MODIFY auto-push.log
[main 1ca6ef51] Auto-commit on 2026-02-01 06:54:27
 1 file changed, 7 insertions(+)
To github.com:Shejaoli/Dopikelectronics10.10.10.git
   b4641ce4..1ca6ef51  main -> main
Setting up watches.  Beware: since -r was given, this may take a while!
Watches established.
./ MODIFY auto-push.log
[main f69da755] Auto-commit on 2026-02-01 06:54:29
 1 file changed, 7 insertions(+)
To github.com:Shejaoli/Dopikelectronics10.10.10.git
   1ca6ef51..f69da755  main -> main
Setting up watches.  Beware: since -r was given, this may take a while!
Watches established.
./ MODIFY auto-push.log
[main 76de4fa4] Auto-commit on 2026-02-01 06:54:31
 1 file changed, 7 insertions(+)
To github.com:Shejaoli/Dopikelectronics10.10.10.git
   f69da755..76de4fa4  main -> main
Setting up watches.  Beware: since -r was given, this may take a while!
Watches established.
./ MODIFY auto-push.log
[main 17cc6dcd] Auto-commit on 2026-02-01 06:54:33
 1 file changed, 7 insertions(+)
To github.com:Shejaoli/Dopikelectronics10.10.10.git
   76de4fa4..17cc6dcd  main -> main
Setting up watches.  Beware: since -r was given, this may take a while!
Watches established.
./ MODIFY auto-push.log
[main a2a9309d] Auto-commit on 2026-02-01 06:54:35
 1 file changed, 7 insertions(+)
To github.com:Shejaoli/Dopikelectronics10.10.10.git
   17cc6dcd..a2a9309d  main -> main
Setting up watches.  Beware: since -r was given, this may take a while!
Watches established.
./ MODIFY auto-push.log
[main 84ff76f4] Auto-commit on 2026-02-01 06:54:37
 1 file changed, 7 insertions(+)
To github.com:Shejaoli/Dopikelectronics10.10.10.git
   a2a9309d..84ff76f4  main -> main
Setting up watches.  Beware: since -r was given, this may take a while!
Watches established.
./ MODIFY auto-push.log
[main a27b234c] Auto-commit on 2026-02-01 06:54:38
 1 file changed, 7 insertions(+)
To github.com:Shejaoli/Dopikelectronics10.10.10.git
   84ff76f4..a27b234c  main -> main
Setting up watches.  Beware: since -r was given, this may take a while!
Watches established.
./ MODIFY auto-push.log
[main 1c5675c1] Auto-commit on 2026-02-01 06:54:40
 1 file changed, 7 insertions(+)
To github.com:Shejaoli/Dopikelectronics10.10.10.git
   a27b234c..1c5675c1  main -> main
Setting up watches.  Beware: since -r was given, this may take a while!
Watches established.
./ MODIFY auto-push.log
[main 8f1e559f] Auto-commit on 2026-02-01 06:54:43
 1 file changed, 7 insertions(+)
To github.com:Shejaoli/Dopikelectronics10.10.10.git
   1c5675c1..8f1e559f  main -> main
Setting up watches.  Beware: since -r was given, this may take a while!
Watches established.
./ MODIFY auto-push.log
[main 031284a3] Auto-commit on 2026-02-01 06:54:45
 1 file changed, 7 insertions(+)
To github.com:Shejaoli/Dopikelectronics10.10.10.git
   8f1e559f..031284a3  main -> main
Setting up watches.  Beware: since -r was given, this may take a while!
Watches established.
./ MODIFY auto-push.log
[main ab0de49d] Auto-commit on 2026-02-01 06:54:46
 1 file changed, 7 insertions(+)
To github.com:Shejaoli/Dopikelectronics10.10.10.git
   031284a3..ab0de49d  main -> main
Setting up watches.  Beware: since -r was given, this may take a while!
Watches established.
./ MODIFY auto-push.log
[main 35267498] Auto-commit on 2026-02-01 06:54:48
 1 file changed, 7 insertions(+)
To github.com:Shejaoli/Dopikelectronics10.10.10.git
   ab0de49d..35267498  main -> main
Setting up watches.  Beware: since -r was given, this may take a while!
Watches established.
./ MODIFY auto-push.log
[main 6f73a7f6] Auto-commit on 2026-02-01 06:54:50
 1 file changed, 7 insertions(+)
To github.com:Shejaoli/Dopikelectronics10.10.10.git
   35267498..6f73a7f6  main -> main
Setting up watches.  Beware: since -r was given, this may take a while!
Watches established.
./ MODIFY auto-push.log
[main 0c84677b] Auto-commit on 2026-02-01 06:54:52
 1 file changed, 7 insertions(+)
To github.com:Shejaoli/Dopikelectronics10.10.10.git
   6f73a7f6..0c84677b  main -> main
Setting up watches.  Beware: since -r was given, this may take a while!
Watches established.
./ MODIFY auto-push.log
[main 945c868b] Auto-commit on 2026-02-01 06:54:54
 1 file changed, 7 insertions(+)
To github.com:Shejaoli/Dopikelectronics10.10.10.git
   0c84677b..945c868b  main -> main
Setting up watches.  Beware: since -r was given, this may take a while!
Watches established.
./ MODIFY auto-push.log
[main 7e22055d] Auto-commit on 2026-02-01 06:54:56
 1 file changed, 7 insertions(+)
To github.com:Shejaoli/Dopikelectronics10.10.10.git
   945c868b..7e22055d  main -> main
Setting up watches.  Beware: since -r was given, this may take a while!
Watches established.
./ MODIFY auto-push.log
[main 80557dfe] Auto-commit on 2026-02-01 06:54:58
 1 file changed, 7 insertions(+)
To github.com:Shejaoli/Dopikelectronics10.10.10.git
   7e22055d..80557dfe  main -> main
Setting up watches.  Beware: since -r was given, this may take a while!
Watches established.
./ MODIFY auto-push.log
[main 35eff569] Auto-commit on 2026-02-01 06:55:00
 1 file changed, 7 insertions(+)
To github.com:Shejaoli/Dopikelectronics10.10.10.git
   80557dfe..35eff569  main -> main
Setting up watches.  Beware: since -r was given, this may take a while!
Watches established.
./ MODIFY auto-push.log
[main 433999d0] Auto-commit on 2026-02-01 06:55:02
 1 file changed, 7 insertions(+)
To github.com:Shejaoli/Dopikelectronics10.10.10.git
   35eff569..433999d0  main -> main
Setting up watches.  Beware: since -r was given, this may take a while!
Watches established.
./ MODIFY auto-push.log
[main e65ab502] Auto-commit on 2026-02-01 06:55:04
 1 file changed, 7 insertions(+)
To github.com:Shejaoli/Dopikelectronics10.10.10.git
   433999d0..e65ab502  main -> main
Setting up watches.  Beware: since -r was given, this may take a while!
Watches established.
./ MODIFY auto-push.log
[main 5b0ac2fe] Auto-commit on 2026-02-01 06:55:06
 1 file changed, 7 insertions(+)
To github.com:Shejaoli/Dopikelectronics10.10.10.git
   e65ab502..5b0ac2fe  main -> main
Setting up watches.  Beware: since -r was given, this may take a while!
Watches established.
./ MODIFY auto-push.log
[main 3b3e8f0e] Auto-commit on 2026-02-01 06:55:08
 1 file changed, 7 insertions(+)
To github.com:Shejaoli/Dopikelectronics10.10.10.git
   5b0ac2fe..3b3e8f0e  main -> main
Setting up watches.  Beware: since -r was given, this may take a while!
Watches established.
./ MODIFY auto-push.log
[main ad9034ef] Auto-commit on 2026-02-01 06:55:10
 1 file changed, 7 insertions(+)
To github.com:Shejaoli/Dopikelectronics10.10.10.git
   3b3e8f0e..ad9034ef  main -> main
Setting up watches.  Beware: since -r was given, this may take a while!
Watches established.
./ MODIFY auto-push.log
[main 1d1380d7] Auto-commit on 2026-02-01 06:55:12
 1 file changed, 7 insertions(+)
To github.com:Shejaoli/Dopikelectronics10.10.10.git
   ad9034ef..1d1380d7  main -> main
Setting up watches.  Beware: since -r was given, this may take a while!
Watches established.
./ MODIFY auto-push.log
[main 2d364a05] Auto-commit on 2026-02-01 06:55:14
 1 file changed, 7 insertions(+)
To github.com:Shejaoli/Dopikelectronics10.10.10.git
   1d1380d7..2d364a05  main -> main
Setting up watches.  Beware: since -r was given, this may take a while!
Watches established.
./ MODIFY auto-push.log
[main 04d4375a] Auto-commit on 2026-02-01 06:55:16
 1 file changed, 7 insertions(+)
To github.com:Shejaoli/Dopikelectronics10.10.10.git
   2d364a05..04d4375a  main -> main
Setting up watches.  Beware: since -r was given, this may take a while!
Watches established.
./ MODIFY auto-push.log
[main 1759ff32] Auto-commit on 2026-02-01 06:55:18
 1 file changed, 7 insertions(+)
To github.com:Shejaoli/Dopikelectronics10.10.10.git
   04d4375a..1759ff32  main -> main
Setting up watches.  Beware: since -r was given, this may take a while!
Watches established.
./ MODIFY auto-push.log
[main 19842da8] Auto-commit on 2026-02-01 06:55:20
 1 file changed, 7 insertions(+)
To github.com:Shejaoli/Dopikelectronics10.10.10.git
   1759ff32..19842da8  main -> main
Setting up watches.  Beware: since -r was given, this may take a while!
Watches established.
./ MODIFY auto-push.log
[main 4e44db16] Auto-commit on 2026-02-01 06:55:22
 1 file changed, 7 insertions(+)
To github.com:Shejaoli/Dopikelectronics10.10.10.git
   19842da8..4e44db16  main -> main
Setting up watches.  Beware: since -r was given, this may take a while!
Watches established.
./ MODIFY auto-push.log
[main bd15bf37] Auto-commit on 2026-02-01 06:55:24
 1 file changed, 7 insertions(+)
To github.com:Shejaoli/Dopikelectronics10.10.10.git
   4e44db16..bd15bf37  main -> main
Setting up watches.  Beware: since -r was given, this may take a while!
Watches established.
./ MODIFY auto-push.log
[main ad20b0bc] Auto-commit on 2026-02-01 06:55:26
 1 file changed, 7 insertions(+)
To github.com:Shejaoli/Dopikelectronics10.10.10.git
   bd15bf37..ad20b0bc  main -> main
Setting up watches.  Beware: since -r was given, this may take a while!
Watches established.
./ MODIFY auto-push.log
[main 504167d9] Auto-commit on 2026-02-01 06:55:28
 1 file changed, 7 insertions(+)
To github.com:Shejaoli/Dopikelectronics10.10.10.git
   ad20b0bc..504167d9  main -> main
Setting up watches.  Beware: since -r was given, this may take a while!
Watches established.
./ MODIFY auto-push.log
[main 7ad7ea8d] Auto-commit on 2026-02-01 06:55:30
 1 file changed, 7 insertions(+)
To github.com:Shejaoli/Dopikelectronics10.10.10.git
   504167d9..7ad7ea8d  main -> main
Setting up watches.  Beware: since -r was given, this may take a while!
Watches established.
./ MODIFY auto-push.log
[main 619b5234] Auto-commit on 2026-02-01 06:55:32
 1 file changed, 7 insertions(+)
To github.com:Shejaoli/Dopikelectronics10.10.10.git
   7ad7ea8d..619b5234  main -> main
Setting up watches.  Beware: since -r was given, this may take a while!
Watches established.
./ MODIFY auto-push.log
[main 53cf5226] Auto-commit on 2026-02-01 06:55:34
 1 file changed, 7 insertions(+)
To github.com:Shejaoli/Dopikelectronics10.10.10.git
   619b5234..53cf5226  main -> main
Setting up watches.  Beware: since -r was given, this may take a while!
Watches established.
./ MODIFY auto-push.log
[main 8ef8e36a] Auto-commit on 2026-02-01 06:55:35
 1 file changed, 7 insertions(+)
To github.com:Shejaoli/Dopikelectronics10.10.10.git
   53cf5226..8ef8e36a  main -> main
Setting up watches.  Beware: since -r was given, this may take a while!
Watches established.
./ MODIFY auto-push.log
[main 923a9312] Auto-commit on 2026-02-01 06:55:37
 1 file changed, 7 insertions(+)
To github.com:Shejaoli/Dopikelectronics10.10.10.git
   8ef8e36a..923a9312  main -> main
Setting up watches.  Beware: since -r was given, this may take a while!
Watches established.
./ MODIFY auto-push.log
[main e21bac34] Auto-commit on 2026-02-01 06:55:39
 1 file changed, 7 insertions(+)
To github.com:Shejaoli/Dopikelectronics10.10.10.git
   923a9312..e21bac34  main -> main
Setting up watches.  Beware: since -r was given, this may take a while!
Watches established.
./ MODIFY auto-push.log
[main 0eff785e] Auto-commit on 2026-02-01 06:55:41
 1 file changed, 7 insertions(+)
To github.com:Shejaoli/Dopikelectronics10.10.10.git
   e21bac34..0eff785e  main -> main
Setting up watches.  Beware: since -r was given, this may take a while!
Watches established.
./ MODIFY auto-push.log
[main 13f1967b] Auto-commit on 2026-02-01 06:55:43
 1 file changed, 7 insertions(+)
To github.com:Shejaoli/Dopikelectronics10.10.10.git
   0eff785e..13f1967b  main -> main
Setting up watches.  Beware: since -r was given, this may take a while!
Watches established.
./ MODIFY auto-push.log
[main ce68dff8] Auto-commit on 2026-02-01 06:55:45
 1 file changed, 7 insertions(+)
To github.com:Shejaoli/Dopikelectronics10.10.10.git
   13f1967b..ce68dff8  main -> main
Setting up watches.  Beware: since -r was given, this may take a while!
Watches established.
./ MODIFY auto-push.log
[main d2c348f4] Auto-commit on 2026-02-01 06:55:47
 1 file changed, 7 insertions(+)
To github.com:Shejaoli/Dopikelectronics10.10.10.git
   ce68dff8..d2c348f4  main -> main
Setting up watches.  Beware: since -r was given, this may take a while!
Watches established.
./ MODIFY auto-push.log
[main 638d37e5] Auto-commit on 2026-02-01 06:55:49
 1 file changed, 7 insertions(+)
To github.com:Shejaoli/Dopikelectronics10.10.10.git
   d2c348f4..638d37e5  main -> main
Setting up watches.  Beware: since -r was given, this may take a while!
Watches established.
./ MODIFY auto-push.log
[main 0754eb2d] Auto-commit on 2026-02-01 06:55:51
 1 file changed, 7 insertions(+)
To github.com:Shejaoli/Dopikelectronics10.10.10.git
   638d37e5..0754eb2d  main -> main
Setting up watches.  Beware: since -r was given, this may take a while!
Watches established.
./ MODIFY auto-push.log
[main cab0612e] Auto-commit on 2026-02-01 06:55:53
 1 file changed, 7 insertions(+)
To github.com:Shejaoli/Dopikelectronics10.10.10.git
   0754eb2d..cab0612e  main -> main
Setting up watches.  Beware: since -r was given, this may take a while!
Watches established.
./ MODIFY auto-push.log
[main c492b316] Auto-commit on 2026-02-01 06:55:55
 1 file changed, 7 insertions(+)
To github.com:Shejaoli/Dopikelectronics10.10.10.git
   cab0612e..c492b316  main -> main
Setting up watches.  Beware: since -r was given, this may take a while!
Watches established.
./ MODIFY auto-push.log
